// Jest Snapshot v1, https://goo.gl/fbAQLP

exports[`build development should transform css 1`] = `345`;

exports[`build development should transform js 1`] = `156821`;

exports[`build production should transform and minify js and css 1`] = `155069`;

exports[`build production should transform and minify js and css 2`] = `345`;
