// Jest Snapshot v1, https://goo.gl/fbAQLP

exports[`build css should transform 1`] = `86`;

exports[`build css should transform and minify 1`] = `86`;

exports[`build js should transform 1`] = `462972`;

exports[`build js should transform and minify 1`] = `414796`;

exports[`build js should transform, minify, and use production settings 1`] = `284923`;

exports[`build production should transform and minify js and css 1`] = `284923`;

exports[`build production should transform and minify js and css 2`] = `86`;
