exports[`build development should transform css 1`] = `
".criticalClass {
  font-weight: bold !important;
}

/*# sourceMappingURL=data:application/json;base64,eyJ2ZXJzaW9uIjozLCJzb3VyY2VzIjpbIjxpbnB1dCBjc3MgMT4iXSwibmFtZXMiOltdLCJtYXBwaW5ncyI6IkFBQUE7RUFDRSw2QkFBNkI7Q0FDOUIiLCJmaWxlIjoidG8uY3NzIiwic291cmNlc0NvbnRlbnQiOlsiLmNyaXRpY2FsQ2xhc3Mge1xuICBmb250LXdlaWdodDogYm9sZCAhaW1wb3J0YW50O1xufVxuIl19 */"
`;
