exports[`test.js generateTestConfig should generate proper config 1`] = `
Array [
  "-u",
  "--no-cache",
  "--config",
  "these",
  "files",
  "only",
]
`;

exports[`test.js generateTestConfig should generate proper config 2`] = `
Object {
  "cacheDirectory": "tmp",
  "collectCoverageFrom": Array [
    "lib/**/*.js",
    "bin",
    "src",
    "another-folder",
  ],
  "coverageDirectory": "coverage",
  "setupFiles": Array [
    "beforeTestsSetup.js",
  ],
  "testPathIgnorePatterns": Array [
    "<rootDir>/node_modules/",
    "<rootDir>/__tests__/test-utils",
  ],
}
`;
