// Jest Snapshot v1, https://goo.gl/fbAQLP

exports[`util.js parseEntries should return inputted file paths 1`] = `
Array [
  Array [
    "__tests__/test-utils/mocks/index.css",
    "blah",
  ],
  Array [
    "__tests__/test-utils/mocks/index.js",
    "blah",
  ],
]
`;

exports[`util.js parseEntries should try to find default file paths 1`] = `Array []`;
