exports[`util.js parseEntries should not find any paths if no matches 1`] = `Array []`;

exports[`util.js parseEntries should return inputted file paths 1`] = `
Array [
  Array [
    "__tests__/test-utils/mocks/mock.css",
    "assets/__tests__/test-utils/mocks/mock.css",
  ],
  Array [
    "__tests__/test-utils/mocks/mockComponent.js",
    "blah",
  ],
]
`;

exports[`util.js parseEntries should try to find default file paths 1`] = `Array []`;

exports[`util.js updateDependencies should run check-dependencies package 1`] = `
Object {
  "depsWereOk": true,
  "status": 0,
}
`;
